[0.259s] DEBUG:colcon:Command line arguments: ['/usr/bin/colcon', 'build', '--packages-select', 'fcb_camera', '--cmake-args', '-DCMAKE_BUILD_TYPE=RelWithDebInfo', '-DBUILD_TESTING=ON', '--event-handlers', 'console_direct+']
[0.259s] DEBUG:colcon:Parsed command line arguments: Namespace(log_base=None, log_level=None, verb_name='build', build_base='build', install_base='install', merge_install=False, symlink_install=False, test_result_base=None, continue_on_error=False, executor='parallel', parallel_workers=8, event_handlers=['console_direct+'], ignore_user_meta=False, metas=['./colcon.meta'], base_paths=['.'], packages_ignore=None, packages_ignore_regex=None, paths=None, packages_up_to=None, packages_up_to_regex=None, packages_above=None, packages_above_and_dependencies=None, packages_above_depth=None, packages_select_by_dep=None, packages_skip_by_dep=None, packages_skip_up_to=None, packages_select_build_failed=False, packages_skip_build_finished=False, packages_select_test_failures=False, packages_skip_test_passed=False, packages_select=['fcb_camera'], packages_skip=None, packages_select_regex=None, packages_skip_regex=None, packages_start=None, packages_end=None, allow_overriding=[], cmake_args=['-DCMAKE_BUILD_TYPE=RelWithDebInfo', '-DBUILD_TESTING=ON'], cmake_target=None, cmake_target_skip_unavailable=False, cmake_clean_cache=False, cmake_clean_first=False, cmake_force_configure=False, ament_cmake_args=None, catkin_cmake_args=None, catkin_skip_building_tests=False, mixin_files=None, mixin=None, verb_parser=<colcon_mixin.mixin.mixin_argument.MixinArgumentDecorator object at 0x74baeb52ca00>, verb_extension=<colcon_core.verb.build.BuildVerb object at 0x74baeb6a7880>, main=<bound method BuildVerb.main of <colcon_core.verb.build.BuildVerb object at 0x74baeb6a7880>>, mixin_verb=('build',))
[0.319s] Level 1:colcon.colcon_core.package_discovery:discover_packages(colcon_meta) check parameters
[0.319s] Level 1:colcon.colcon_core.package_discovery:discover_packages(recursive) check parameters
[0.319s] Level 1:colcon.colcon_core.package_discovery:discover_packages(ignore) check parameters
[0.319s] Level 1:colcon.colcon_core.package_discovery:discover_packages(path) check parameters
[0.320s] Level 1:colcon.colcon_core.package_discovery:discover_packages(colcon_meta) discover
[0.322s] Level 1:colcon.colcon_core.package_discovery:discover_packages(recursive) discover
[0.322s] INFO:colcon.colcon_core.package_discovery:Crawling recursively for packages in '/home/akshat/fcb-ros/fcb-ros'
[0.322s] Level 1:colcon.colcon_core.package_identification:_identify(.) by extensions ['ignore', 'ignore_ament_install']
[0.322s] Level 1:colcon.colcon_core.package_identification:_identify(.) by extension 'ignore'
[0.322s] Level 1:colcon.colcon_core.package_identification:_identify(.) by extension 'ignore_ament_install'
[0.322s] Level 1:colcon.colcon_core.package_identification:_identify(.) by extensions ['colcon_pkg']
[0.323s] Level 1:colcon.colcon_core.package_identification:_identify(.) by extension 'colcon_pkg'
[0.323s] Level 1:colcon.colcon_core.package_identification:_identify(.) by extensions ['colcon_meta']
[0.323s] Level 1:colcon.colcon_core.package_identification:_identify(.) by extension 'colcon_meta'
[0.323s] Level 1:colcon.colcon_core.package_identification:_identify(.) by extensions ['ros']
[0.323s] Level 1:colcon.colcon_core.package_identification:_identify(.) by extension 'ros'
[0.390s] Level 1:colcon.colcon_core.package_identification:_identify(.) by extensions ['cmake', 'python']
[0.390s] Level 1:colcon.colcon_core.package_identification:_identify(.) by extension 'cmake'
[0.390s] Level 1:colcon.colcon_core.package_identification:_identify(.) by extension 'python'
[0.390s] Level 1:colcon.colcon_core.package_identification:_identify(.) by extensions ['python_setup_py']
[0.390s] Level 1:colcon.colcon_core.package_identification:_identify(.) by extension 'python_setup_py'
[0.391s] Level 1:colcon.colcon_core.package_identification:_identify(build) by extensions ['ignore', 'ignore_ament_install']
[0.391s] Level 1:colcon.colcon_core.package_identification:_identify(build) by extension 'ignore'
[0.391s] Level 1:colcon.colcon_core.package_identification:_identify(build) ignored
[0.391s] Level 1:colcon.colcon_core.package_identification:_identify(fcb_camera) by extensions ['ignore', 'ignore_ament_install']
[0.391s] Level 1:colcon.colcon_core.package_identification:_identify(fcb_camera) by extension 'ignore'
[0.392s] Level 1:colcon.colcon_core.package_identification:_identify(fcb_camera) by extension 'ignore_ament_install'
[0.392s] Level 1:colcon.colcon_core.package_identification:_identify(fcb_camera) by extensions ['colcon_pkg']
[0.392s] Level 1:colcon.colcon_core.package_identification:_identify(fcb_camera) by extension 'colcon_pkg'
[0.392s] Level 1:colcon.colcon_core.package_identification:_identify(fcb_camera) by extensions ['colcon_meta']
[0.392s] Level 1:colcon.colcon_core.package_identification:_identify(fcb_camera) by extension 'colcon_meta'
[0.392s] Level 1:colcon.colcon_core.package_identification:_identify(fcb_camera) by extensions ['ros']
[0.392s] Level 1:colcon.colcon_core.package_identification:_identify(fcb_camera) by extension 'ros'
[0.400s] DEBUG:colcon.colcon_core.package_identification:Package 'fcb_camera' with type 'ros.ament_cmake' and name 'fcb_camera'
[0.400s] Level 1:colcon.colcon_core.package_identification:_identify(fcb_interfaces) by extensions ['ignore', 'ignore_ament_install']
[0.400s] Level 1:colcon.colcon_core.package_identification:_identify(fcb_interfaces) by extension 'ignore'
[0.400s] Level 1:colcon.colcon_core.package_identification:_identify(fcb_interfaces) by extension 'ignore_ament_install'
[0.400s] Level 1:colcon.colcon_core.package_identification:_identify(fcb_interfaces) by extensions ['colcon_pkg']
[0.400s] Level 1:colcon.colcon_core.package_identification:_identify(fcb_interfaces) by extension 'colcon_pkg'
[0.400s] Level 1:colcon.colcon_core.package_identification:_identify(fcb_interfaces) by extensions ['colcon_meta']
[0.400s] Level 1:colcon.colcon_core.package_identification:_identify(fcb_interfaces) by extension 'colcon_meta'
[0.400s] Level 1:colcon.colcon_core.package_identification:_identify(fcb_interfaces) by extensions ['ros']
[0.400s] Level 1:colcon.colcon_core.package_identification:_identify(fcb_interfaces) by extension 'ros'
[0.402s] DEBUG:colcon.colcon_core.package_identification:Package 'fcb_interfaces' with type 'ros.ament_cmake' and name 'fcb_interfaces'
[0.402s] Level 1:colcon.colcon_core.package_identification:_identify(install) by extensions ['ignore', 'ignore_ament_install']
[0.402s] Level 1:colcon.colcon_core.package_identification:_identify(install) by extension 'ignore'
[0.402s] Level 1:colcon.colcon_core.package_identification:_identify(install) ignored
[0.403s] Level 1:colcon.colcon_core.package_identification:_identify(log) by extensions ['ignore', 'ignore_ament_install']
[0.403s] Level 1:colcon.colcon_core.package_identification:_identify(log) by extension 'ignore'
[0.403s] Level 1:colcon.colcon_core.package_identification:_identify(log) ignored
[0.403s] Level 1:colcon.colcon_core.package_discovery:discover_packages(recursive) using defaults
[0.403s] Level 1:colcon.colcon_core.package_discovery:discover_packages(ignore) discover
[0.403s] Level 1:colcon.colcon_core.package_discovery:discover_packages(ignore) using defaults
[0.403s] Level 1:colcon.colcon_core.package_discovery:discover_packages(path) discover
[0.403s] Level 1:colcon.colcon_core.package_discovery:discover_packages(path) using defaults
[0.443s] INFO:colcon.colcon_core.package_selection:Skipping not selected package 'fcb_interfaces' in 'fcb_interfaces'
[0.444s] Level 1:colcon.colcon_core.package_discovery:discover_packages(prefix_path) check parameters
[0.444s] Level 1:colcon.colcon_core.package_discovery:discover_packages(prefix_path) discover
[0.450s] DEBUG:colcon.colcon_installed_package_information.package_discovery:Found 396 installed packages in /opt/ros/humble
[0.455s] Level 1:colcon.colcon_core.package_discovery:discover_packages(prefix_path) using defaults
[0.573s] Level 5:colcon.colcon_core.verb:set package 'fcb_camera' build argument 'cmake_args' from command line to '['-DCMAKE_BUILD_TYPE=RelWithDebInfo', '-DBUILD_TESTING=ON']'
[0.573s] Level 5:colcon.colcon_core.verb:set package 'fcb_camera' build argument 'cmake_target' from command line to 'None'
[0.573s] Level 5:colcon.colcon_core.verb:set package 'fcb_camera' build argument 'cmake_target_skip_unavailable' from command line to 'False'
[0.573s] Level 5:colcon.colcon_core.verb:set package 'fcb_camera' build argument 'cmake_clean_cache' from command line to 'False'
[0.573s] Level 5:colcon.colcon_core.verb:set package 'fcb_camera' build argument 'cmake_clean_first' from command line to 'False'
[0.573s] Level 5:colcon.colcon_core.verb:set package 'fcb_camera' build argument 'cmake_force_configure' from command line to 'False'
[0.573s] Level 5:colcon.colcon_core.verb:set package 'fcb_camera' build argument 'ament_cmake_args' from command line to 'None'
[0.573s] Level 5:colcon.colcon_core.verb:set package 'fcb_camera' build argument 'catkin_cmake_args' from command line to 'None'
[0.574s] Level 5:colcon.colcon_core.verb:set package 'fcb_camera' build argument 'catkin_skip_building_tests' from command line to 'False'
[0.574s] DEBUG:colcon.colcon_core.verb:Building package 'fcb_camera' with the following arguments: {'ament_cmake_args': None, 'build_base': '/home/akshat/fcb-ros/fcb-ros/build/fcb_camera', 'catkin_cmake_args': None, 'catkin_skip_building_tests': False, 'cmake_args': ['-DCMAKE_BUILD_TYPE=RelWithDebInfo', '-DBUILD_TESTING=ON'], 'cmake_clean_cache': False, 'cmake_clean_first': False, 'cmake_force_configure': False, 'cmake_target': None, 'cmake_target_skip_unavailable': False, 'install_base': '/home/akshat/fcb-ros/fcb-ros/install/fcb_camera', 'merge_install': False, 'path': '/home/akshat/fcb-ros/fcb-ros/fcb_camera', 'symlink_install': False, 'test_result_base': None}
[0.574s] INFO:colcon.colcon_core.executor:Executing jobs using 'parallel' executor
[0.576s] DEBUG:colcon.colcon_parallel_executor.executor.parallel:run_until_complete
[0.576s] INFO:colcon.colcon_ros.task.ament_cmake.build:Building ROS package in '/home/akshat/fcb-ros/fcb-ros/fcb_camera' with build type 'ament_cmake'
[0.577s] INFO:colcon.colcon_cmake.task.cmake.build:Building CMake package in '/home/akshat/fcb-ros/fcb-ros/fcb_camera'
[0.580s] INFO:colcon.colcon_core.plugin_system:Skipping extension 'colcon_core.shell.bat': Not used on non-Windows systems
[0.581s] INFO:colcon.colcon_core.shell:Skip shell extension 'powershell' for command environment: Not usable outside of PowerShell
[0.581s] DEBUG:colcon.colcon_core.shell:Skip shell extension 'dsv' for command environment
[0.585s] ERROR:colcon.colcon_cmake.task.cmake.build:Failed to find the following files:
- /home/akshat/fcb-ros/fcb-ros/install/fcb_interfaces/share/fcb_interfaces/package.sh
Check that the following packages have been built:
- fcb_interfaces
[0.586s] Level 1:colcon.colcon_core.environment:create_environment_scripts_only(fcb_camera)
[0.590s] Level 1:colcon.colcon_core.environment:checking '/home/akshat/fcb-ros/fcb-ros/install/fcb_camera' for CMake module files
[0.591s] Level 1:colcon.colcon_core.environment:checking '/home/akshat/fcb-ros/fcb-ros/install/fcb_camera' for CMake config files
[0.592s] Level 1:colcon.colcon_core.environment:checking '/home/akshat/fcb-ros/fcb-ros/install/fcb_camera/bin'
[0.592s] Level 1:colcon.colcon_core.environment:checking '/home/akshat/fcb-ros/fcb-ros/install/fcb_camera/lib/pkgconfig/fcb_camera.pc'
[0.592s] Level 1:colcon.colcon_core.environment:checking '/home/akshat/fcb-ros/fcb-ros/install/fcb_camera/lib/python3.10/site-packages'
[0.593s] Level 1:colcon.colcon_core.environment:checking '/home/akshat/fcb-ros/fcb-ros/install/fcb_camera/bin'
[0.593s] INFO:colcon.colcon_core.shell:Creating package script '/home/akshat/fcb-ros/fcb-ros/install/fcb_camera/share/fcb_camera/package.ps1'
[0.595s] INFO:colcon.colcon_core.shell:Creating package descriptor '/home/akshat/fcb-ros/fcb-ros/install/fcb_camera/share/fcb_camera/package.dsv'
[0.596s] INFO:colcon.colcon_core.shell:Creating package script '/home/akshat/fcb-ros/fcb-ros/install/fcb_camera/share/fcb_camera/package.sh'
[0.597s] INFO:colcon.colcon_core.shell:Creating package script '/home/akshat/fcb-ros/fcb-ros/install/fcb_camera/share/fcb_camera/package.bash'
[0.598s] INFO:colcon.colcon_core.shell:Creating package script '/home/akshat/fcb-ros/fcb-ros/install/fcb_camera/share/fcb_camera/package.zsh'
[0.599s] Level 1:colcon.colcon_core.environment:create_file_with_runtime_dependencies(/home/akshat/fcb-ros/fcb-ros/install/fcb_camera/share/colcon-core/packages/fcb_camera)
[0.609s] DEBUG:colcon.colcon_parallel_executor.executor.parallel:closing loop
[0.610s] DEBUG:colcon.colcon_parallel_executor.executor.parallel:loop closed
[0.610s] DEBUG:colcon.colcon_parallel_executor.executor.parallel:run_until_complete finished with '1'
[0.610s] DEBUG:colcon.colcon_core.event_reactor:joining thread
[0.619s] INFO:colcon.colcon_core.plugin_system:Skipping extension 'colcon_notification.desktop_notification.terminal_notifier': Not used on non-Darwin systems
[0.619s] INFO:colcon.colcon_core.plugin_system:Skipping extension 'colcon_notification.desktop_notification.win32': Not used on non-Windows systems
[0.619s] INFO:colcon.colcon_notification.desktop_notification:Sending desktop notification using 'notify2'
[0.645s] DEBUG:colcon.colcon_core.event_reactor:joined thread
[0.645s] INFO:colcon.colcon_core.shell:Creating prefix script '/home/akshat/fcb-ros/fcb-ros/install/local_setup.ps1'
[0.647s] INFO:colcon.colcon_core.shell:Creating prefix util module '/home/akshat/fcb-ros/fcb-ros/install/_local_setup_util_ps1.py'
[0.651s] INFO:colcon.colcon_core.shell:Creating prefix chain script '/home/akshat/fcb-ros/fcb-ros/install/setup.ps1'
[0.654s] INFO:colcon.colcon_core.shell:Creating prefix script '/home/akshat/fcb-ros/fcb-ros/install/local_setup.sh'
[0.656s] INFO:colcon.colcon_core.shell:Creating prefix util module '/home/akshat/fcb-ros/fcb-ros/install/_local_setup_util_sh.py'
[0.657s] INFO:colcon.colcon_core.shell:Creating prefix chain script '/home/akshat/fcb-ros/fcb-ros/install/setup.sh'
[0.660s] INFO:colcon.colcon_core.shell:Creating prefix script '/home/akshat/fcb-ros/fcb-ros/install/local_setup.bash'
[0.661s] INFO:colcon.colcon_core.shell:Creating prefix chain script '/home/akshat/fcb-ros/fcb-ros/install/setup.bash'
[0.664s] INFO:colcon.colcon_core.shell:Creating prefix script '/home/akshat/fcb-ros/fcb-ros/install/local_setup.zsh'
[0.666s] INFO:colcon.colcon_core.shell:Creating prefix chain script '/home/akshat/fcb-ros/fcb-ros/install/setup.zsh'
